[2026-07-26 02:00:00.065 +00:00] [INF] [121] Emby.Server.Implementations.ScheduledTasks.TaskManager: "Extraer imágenes de los capítulos" Completed after 0 minute(s) and 0 seconds
[2026-07-26 02:00:01.003 +00:00] [INF] [126] Emby.Server.Implementations.ScheduledTasks.TaskManager: Daily trigger for "Extraer imágenes de los capítulos" set to fire at 2026-07-27 02:00:00.000 +00:00, which is 23:59:58.9964103 from now.
[2026-07-26 03:00:00.013 +00:00] [INF] [27] Emby.Server.Implementations.ScheduledTasks.TaskManager: "Generar miniaturas de línea de tiempo" Completed after 0 minute(s) and 0 seconds
[2026-07-26 03:00:01.004 +00:00] [INF] [27] Emby.Server.Implementations.ScheduledTasks.TaskManager: Daily trigger for "Generar miniaturas de línea de tiempo" set to fire at 2026-07-27 03:00:00.000 +00:00, which is 23:59:58.9957947 from now.
[2026-07-26 03:37:32.485 +00:00] [INF] [20] Emby.Server.Implementations.ScheduledTasks.Tasks.OptimizeDatabaseTask: Optimizing and vacuuming jellyfin.db...
[2026-07-26 03:37:32.508 +00:00] [INF] [20] Jellyfin.Database.Providers.Sqlite.SqliteDatabaseProvider: jellyfin.db optimized successfully!
[2026-07-26 03:37:32.509 +00:00] [INF] [20] Emby.Server.Implementations.ScheduledTasks.TaskManager: "Optimizar la base de datos" Completed after 0 minute(s) and 0 seconds
[2026-07-26 09:35:30.458 +00:00] [INF] [110] Emby.Server.Implementations.ScheduledTasks.TaskManager: "Descargar los subtítulos que faltan" Completed after 0 minute(s) and 0 seconds
[2026-07-26 09:35:30.494 +00:00] [INF] [109] Emby.Server.Implementations.ScheduledTasks.TaskManager: "Eliminar archivos temporales" Completed after 0 minute(s) and 0 seconds
[2026-07-26 09:35:30.525 +00:00] [INF] [70] Emby.Server.Implementations.ScheduledTasks.TaskManager: "Normalización de audio" Completed after 0 minute(s) and 0 seconds
[2026-07-26 09:35:30.557 +00:00] [INF] [109] Emby.Server.Implementations.ScheduledTasks.TaskManager: "Limpiar registros" Completed after 0 minute(s) and 0 seconds
[2026-07-26 09:35:30.581 +00:00] [INF] [70] Emby.Server.Implementations.ScheduledTasks.TaskManager: "Limpiar las transcodificaciones" Completed after 0 minute(s) and 0 seconds
[2026-07-26 09:35:30.690 +00:00] [INF] [107] Emby.Server.Implementations.ScheduledTasks.TaskManager: "Descargar letras faltantes" Completed after 0 minute(s) and 0 seconds
[2026-07-26 09:35:30.747 +00:00] [INF] [110] Emby.Server.Implementations.ScheduledTasks.TaskManager: "TasksRefreshChannels" Completed after 0 minute(s) and 0 seconds
[2026-07-26 09:35:31.899 +00:00] [INF] [109] Emby.Server.Implementations.ScheduledTasks.TaskManager: "Actualizar extensiones" Completed after 0 minute(s) and 1 seconds
[2026-07-26 09:35:33.663 +00:00] [INF] [110] Jellyfin.LiveTv.Guide.GuideManager: Refreshing guide with 7 days of guide data
[2026-07-26 09:35:33.681 +00:00] [INF] [110] Emby.Server.Implementations.ScheduledTasks.TaskManager: "Refresh Guide" Completed after 0 minute(s) and 3 seconds
[2026-07-26 09:36:31.479 +00:00] [INF] [122] Emby.Server.Implementations.Library.LibraryManager: Validating media library
[2026-07-26 09:36:31.480 +00:00] [INF] [110] Emby.Server.Implementations.ScheduledTasks.TaskManager: "Escaneo de segmentos de medios" Completed after 0 minute(s) and 0 seconds
[2026-07-26 09:36:31.518 +00:00] [WRN] [122] MediaBrowser.Controller.Entities.BaseItem: Library folder "/media/movies" is inaccessible or empty, skipping
[2026-07-26 09:36:31.518 +00:00] [WRN] [122] MediaBrowser.Controller.Entities.BaseItem: Library folder "/config/data/playlists" is inaccessible or empty, skipping
[2026-07-26 09:36:31.546 +00:00] [WRN] [46] MediaBrowser.Controller.Entities.BaseItem: Library folder "/media/movies" is inaccessible or empty, skipping
[2026-07-26 09:36:31.547 +00:00] [WRN] [46] MediaBrowser.Controller.Entities.BaseItem: Library folder "/config/data/playlists" is inaccessible or empty, skipping
[2026-07-26 09:36:31.556 +00:00] [INF] [46] Emby.Server.Implementations.ScheduledTasks.TaskManager: "Escanear la biblioteca" Completed after 0 minute(s) and 0 seconds
[2026-07-26 09:38:33.488 +00:00] [INF] [107] Emby.Server.Implementations.ScheduledTasks.Tasks.OptimizeDatabaseTask: Optimizing and vacuuming jellyfin.db...
[2026-07-26 09:38:33.517 +00:00] [INF] [107] Jellyfin.Database.Providers.Sqlite.SqliteDatabaseProvider: jellyfin.db optimized successfully!
[2026-07-26 09:38:33.517 +00:00] [INF] [107] Emby.Server.Implementations.ScheduledTasks.TaskManager: "Optimizar la base de datos" Completed after 0 minute(s) and 0 seconds
[2026-07-26 15:39:34.488 +00:00] [INF] [54] Emby.Server.Implementations.ScheduledTasks.Tasks.OptimizeDatabaseTask: Optimizing and vacuuming jellyfin.db...
[2026-07-26 15:39:34.517 +00:00] [INF] [54] Jellyfin.Database.Providers.Sqlite.SqliteDatabaseProvider: jellyfin.db optimized successfully!
[2026-07-26 15:39:34.517 +00:00] [INF] [54] Emby.Server.Implementations.ScheduledTasks.TaskManager: "Optimizar la base de datos" Completed after 0 minute(s) and 0 seconds
[2026-07-26 21:37:32.481 +00:00] [INF] [66] Emby.Server.Implementations.Library.LibraryManager: Validating media library
[2026-07-26 21:37:32.484 +00:00] [INF] [32] Emby.Server.Implementations.ScheduledTasks.TaskManager: "Escaneo de segmentos de medios" Completed after 0 minute(s) and 0 seconds
[2026-07-26 21:37:32.509 +00:00] [WRN] [66] MediaBrowser.Controller.Entities.BaseItem: Library folder "/media/movies" is inaccessible or empty, skipping
[2026-07-26 21:37:32.509 +00:00] [WRN] [66] MediaBrowser.Controller.Entities.BaseItem: Library folder "/config/data/playlists" is inaccessible or empty, skipping
[2026-07-26 21:37:32.530 +00:00] [WRN] [66] MediaBrowser.Controller.Entities.BaseItem: Library folder "/media/movies" is inaccessible or empty, skipping
[2026-07-26 21:37:32.531 +00:00] [WRN] [66] MediaBrowser.Controller.Entities.BaseItem: Library folder "/config/data/playlists" is inaccessible or empty, skipping
[2026-07-26 21:37:32.538 +00:00] [INF] [66] Emby.Server.Implementations.ScheduledTasks.TaskManager: "Escanear la biblioteca" Completed after 0 minute(s) and 0 seconds
[2026-07-26 21:40:35.491 +00:00] [INF] [75] Emby.Server.Implementations.ScheduledTasks.Tasks.OptimizeDatabaseTask: Optimizing and vacuuming jellyfin.db...
[2026-07-26 21:40:35.519 +00:00] [INF] [75] Jellyfin.Database.Providers.Sqlite.SqliteDatabaseProvider: jellyfin.db optimized successfully!
[2026-07-26 21:40:35.520 +00:00] [INF] [75] Emby.Server.Implementations.ScheduledTasks.TaskManager: "Optimizar la base de datos" Completed after 0 minute(s) and 0 seconds
